// Jest Snapshot v1, https://goo.gl/fbAQLP

exports[`Pokedex component matches the snapshot 1`] = `[Function]`;
